base_main=05ad87d31869c67b10c4b7024aa8ec12de5895f6
tested_head=588a344bbb7b38389fdd431af22e3227ef488596
[1m[92m    Updating[0m crates.io index
[1m[92m    Updating[0m git repository `https://github.com/ORESoftware/flags-2-env.git`
[1m[92m Downloading[0m crates ...
[1m[92m  Downloaded[0m adler2 v2.0.1
[1m[92m  Downloaded[0m block-buffer v0.10.4
[1m[92m  Downloaded[0m rand_pcg v0.10.2
[1m[92m  Downloaded[0m rustc-hash v2.1.3
[1m[92m  Downloaded[0m atomic-waker v1.1.2
[1m[92m  Downloaded[0m cfg_aliases v0.2.2
[1m[92m  Downloaded[0m clap_lex v1.1.0
[1m[92m  Downloaded[0m anstream v1.0.0
[1m[92m  Downloaded[0m anstyle v1.0.14
[1m[92m  Downloaded[0m rtoolbox v0.0.5
[1m[92m  Downloaded[0m rpassword v7.5.4
[1m[92m  Downloaded[0m anstyle-parse v1.0.0
[1m[92m  Downloaded[0m anstyle-query v1.1.5
[1m[92m  Downloaded[0m chacha20 v0.10.1
[1m[92m  Downloaded[0m litemap v0.8.2
[1m[92m  Downloaded[0m rustls-pki-types v1.15.1
[1m[92m  Downloaded[0m anyhow v1.0.104
[1m[92m  Downloaded[0m clap_derive v4.6.4
[1m[92m  Downloaded[0m cpufeatures v0.2.17
[1m[92m  Downloaded[0m rustls-webpki v0.103.13
[1m[92m  Downloaded[0m ryu v1.0.23
[1m[92m  Downloaded[0m bitflags v2.13.1
[1m[92m  Downloaded[0m bytes v1.12.1
[1m[92m  Downloaded[0m clap_complete v4.6.8
[1m[92m  Downloaded[0m errno v0.3.14
[1m[92m  Downloaded[0m futures-sink v0.3.33
[1m[92m  Downloaded[0m base64 v0.22.1
[1m[92m  Downloaded[0m clap v4.6.4
[1m[92m  Downloaded[0m cpufeatures v0.3.0
[1m[92m  Downloaded[0m dirs v5.0.1
[1m[92m  Downloaded[0m dirs-sys v0.4.1
[1m[92m  Downloaded[0m futures-io v0.3.33
[1m[92m  Downloaded[0m idna_adapter v1.2.2
[1m[92m  Downloaded[0m percent-encoding v2.3.2
[1m[92m  Downloaded[0m cfg-if v1.0.4
[1m[92m  Downloaded[0m crypto-common v0.1.7
[1m[92m  Downloaded[0m futures-task v0.3.33
[1m[92m  Downloaded[0m heck v0.5.0
[1m[92m  Downloaded[0m http-body v1.1.0
[1m[92m  Downloaded[0m mime v0.3.17
[1m[92m  Downloaded[0m option-ext v0.2.0
[1m[92m  Downloaded[0m potential_utf v0.1.5
[1m[92m  Downloaded[0m schemars_derive v1.2.1
[1m[92m  Downloaded[0m stable_deref_trait v1.2.1
[1m[92m  Downloaded[0m strsim v0.11.1
[1m[92m  Downloaded[0m colorchoice v1.0.5
[1m[92m  Downloaded[0m futures-core v0.3.33
[1m[92m  Downloaded[0m lru-slab v0.1.2
[1m[92m  Downloaded[0m equivalent v1.0.2
[1m[92m  Downloaded[0m ref-cast-impl v1.0.26
[1m[92m  Downloaded[0m serde_derive_internals v0.29.1
[1m[92m  Downloaded[0m form_urlencoded v1.2.2
[1m[92m  Downloaded[0m fs2 v0.4.3
[1m[92m  Downloaded[0m hex v0.4.3
[1m[92m  Downloaded[0m itoa v1.0.18
[1m[92m  Downloaded[0m tinyvec v1.12.0
[1m[92m  Downloaded[0m dyn-clone v1.0.20
[1m[92m  Downloaded[0m is_terminal_polyfill v1.70.2
[1m[92m  Downloaded[0m ref-cast v1.0.26
[1m[92m  Downloaded[0m serde_spanned v1.1.1
[1m[92m  Downloaded[0m subtle v2.6.1
[1m[92m  Downloaded[0m sync_wrapper v1.0.2
[1m[92m  Downloaded[0m tinyvec_macros v0.1.1
[1m[92m  Downloaded[0m tower-layer v0.3.3
[1m[92m  Downloaded[0m digest v0.10.7
[1m[92m  Downloaded[0m displaydoc v0.2.6
[1m[92m  Downloaded[0m http-body-util v0.1.4
[1m[92m  Downloaded[0m hyper-rustls v0.27.9
[1m[92m  Downloaded[0m libloading v0.8.9
[1m[92m  Downloaded[0m pin-project-lite v0.2.17
[1m[92m  Downloaded[0m quote v1.0.47
[1m[92m  Downloaded[0m rand_core v0.10.1
[1m[92m  Downloaded[0m same-file v1.0.6
[1m[92m  Downloaded[0m serde_urlencoded v0.7.1
[1m[92m  Downloaded[0m simd-adler32 v0.3.10
[1m[92m  Downloaded[0m tinystr v0.8.3
[1m[92m  Downloaded[0m toml_writer v1.1.2+spec-1.1.0
[1m[92m  Downloaded[0m bumpalo v3.20.3
[1m[92m  Downloaded[0m cc v1.3.0
[1m[92m  Downloaded[0m fastrand v2.5.0
[1m[92m  Downloaded[0m filetime v0.2.29
[1m[92m  Downloaded[0m globset v0.4.19
[1m[92m  Downloaded[0m httparse v1.10.1
[1m[92m  Downloaded[0m ipnet v2.12.0
[1m[92m  Downloaded[0m mime_guess v2.0.5
[1m[92m  Downloaded[0m quinn-udp v0.5.15
[1m[92m  Downloaded[0m sha2 v0.10.9
[1m[92m  Downloaded[0m thiserror v2.0.19
[1m[92m  Downloaded[0m crc32fast v1.5.0
[1m[92m  Downloaded[0m find-msvc-tools v0.1.9
[1m[92m  Downloaded[0m futures-channel v0.3.33
[1m[92m  Downloaded[0m generic-array v0.14.7
[1m[92m  Downloaded[0m getrandom v0.2.17
[1m[92m  Downloaded[0m getrandom v0.4.3
[1m[92m  Downloaded[0m icu_provider v2.2.0
[1m[92m  Downloaded[0m log v0.4.33
[1m[92m  Downloaded[0m once_cell v1.21.4
[1m[92m  Downloaded[0m zerofrom v0.1.8
[1m[92m  Downloaded[0m zerofrom-derive v0.1.7
[1m[92m  Downloaded[0m icu_normalizer v2.2.0
[1m[92m  Downloaded[0m icu_normalizer_data v2.2.0
[1m[92m  Downloaded[0m icu_properties v2.2.0
[1m[92m  Downloaded[0m miniz_oxide v0.8.9
[1m[92m  Downloaded[0m proc-macro2 v1.0.107
[1m[92m  Downloaded[0m slab v0.4.12
[1m[92m  Downloaded[0m smallvec v1.15.2
[1m[92m  Downloaded[0m toml_datetime v1.1.1+spec-1.1.0
[1m[92m  Downloaded[0m try-lock v0.2.5
[1m[92m  Downloaded[0m untrusted v0.9.0
[1m[92m  Downloaded[0m version_check v0.9.5
[1m[92m  Downloaded[0m flate2 v1.1.9
[1m[92m  Downloaded[0m icu_locale_core v2.2.0
[1m[92m  Downloaded[0m quinn v0.11.11
[1m[92m  Downloaded[0m rand v0.10.2
[1m[92m  Downloaded[0m tower-service v0.3.3
[1m[92m  Downloaded[0m want v0.3.1
[1m[92m  Downloaded[0m aho-corasick v1.1.4
[1m[92m  Downloaded[0m clap_builder v4.6.2
[1m[92m  Downloaded[0m hyper-util v0.1.20
[1m[92m  Downloaded[0m icu_collections v2.2.0
[1m[92m  Downloaded[0m indexmap v2.14.0
[1m[92m  Downloaded[0m memchr v2.8.3
[1m[92m  Downloaded[0m xattr v1.6.1
[1m[92m  Downloaded[0m yoke-derive v0.8.2
[1m[92m  Downloaded[0m http v1.4.2
[1m[92m  Downloaded[0m idna v1.1.0
[1m[92m  Downloaded[0m mio v1.2.2
[1m[92m  Downloaded[0m thiserror-impl v2.0.19
[1m[92m  Downloaded[0m tokio-rustls v0.26.4
[1m[92m  Downloaded[0m utf8_iter v1.0.4
[1m[92m  Downloaded[0m walkdir v2.5.0
[1m[92m  Downloaded[0m zmij v1.0.23
[1m[92m  Downloaded[0m serde_derive v1.0.229
[1m[92m  Downloaded[0m shlex v2.0.1
[1m[92m  Downloaded[0m synstructure v0.13.2
[1m[92m  Downloaded[0m writeable v0.6.3
[1m[92m  Downloaded[0m zeroize v1.9.0
[1m[92m  Downloaded[0m futures-util v0.3.33
[1m[92m  Downloaded[0m hashbrown v0.17.1
[1m[92m  Downloaded[0m icu_properties_data v2.2.0
[1m[92m  Downloaded[0m utf8parse v0.2.2
[1m[92m  Downloaded[0m hyper v1.11.0
[1m[92m  Downloaded[0m serde_core v1.0.229
[1m[92m  Downloaded[0m tempfile v3.27.0
[1m[92m  Downloaded[0m toml_parser v1.1.2+spec-1.1.0
[1m[92m  Downloaded[0m unicase v2.9.0
[1m[92m  Downloaded[0m zerovec-derive v0.11.3
[1m[92m  Downloaded[0m quinn-proto v0.11.16
[1m[92m  Downloaded[0m semver v1.0.28
[1m[92m  Downloaded[0m toml v1.1.3+spec-1.1.0
[1m[92m  Downloaded[0m tracing-core v0.1.36
[1m[92m  Downloaded[0m unicode-ident v1.0.24
[1m[92m  Downloaded[0m uuid v1.24.0
[1m[92m  Downloaded[0m yoke v0.8.3
[1m[92m  Downloaded[0m zopfli v0.8.3
[1m[92m  Downloaded[0m socket2 v0.6.5
[1m[92m  Downloaded[0m tar v0.4.46
[1m[92m  Downloaded[0m bstr v1.13.0
[1m[92m  Downloaded[0m serde v1.0.229
[1m[92m  Downloaded[0m regex-syntax v0.8.11
[1m[92m  Downloaded[0m zerotrie v0.2.4
[1m[92m  Downloaded[0m tower v0.5.3
[1m[92m  Downloaded[0m url v2.5.8
[1m[92m  Downloaded[0m rustix v1.1.4
[1m[92m  Downloaded[0m schemars v1.2.1
[1m[92m  Downloaded[0m typenum v1.20.1
[1m[92m  Downloaded[0m typed-path v0.12.3
[1m[92m  Downloaded[0m zerovec v0.11.6
[1m[92m  Downloaded[0m zip v8.6.0
[1m[92m  Downloaded[0m reqwest v0.12.28
[1m[92m  Downloaded[0m serde_json v1.0.151
[1m[92m  Downloaded[0m tower-http v0.6.11
[1m[92m  Downloaded[0m winnow v1.0.4
[1m[92m  Downloaded[0m zlib-rs v0.6.6
[1m[92m  Downloaded[0m rustls v0.23.42
[1m[92m  Downloaded[0m webpki-roots v1.0.9
[1m[92m  Downloaded[0m syn v2.0.119
[1m[92m  Downloaded[0m syn v3.0.3
[1m[92m  Downloaded[0m tracing v0.1.44
[1m[92m  Downloaded[0m regex-automata v0.4.16
[1m[92m  Downloaded[0m libc v0.2.189
[1m[92m  Downloaded[0m tokio v1.53.1
[1m[92m  Downloaded[0m ring v0.17.14
[1m[92m  Downloaded[0m linux-raw-sys v0.12.1
[1m[92m   Compiling[0m proc-macro2 v1.0.107
[1m[92m   Compiling[0m quote v1.0.47
[1m[92m   Compiling[0m unicode-ident v1.0.24
[1m[92m   Compiling[0m libc v0.2.189
[1m[92m   Compiling[0m cfg-if v1.0.4
[1m[92m   Compiling[0m stable_deref_trait v1.2.1
[1m[92m   Compiling[0m memchr v2.8.3
[1m[92m   Compiling[0m serde_core v1.0.229
[1m[92m   Compiling[0m shlex v2.0.1
[1m[92m   Compiling[0m itoa v1.0.18
[1m[92m   Compiling[0m find-msvc-tools v0.1.9
[1m[92m   Compiling[0m cc v1.3.0
[1m[92m   Compiling[0m syn v2.0.119
[1m[92m   Compiling[0m syn v3.0.3
[1m[92m   Compiling[0m pin-project-lite v0.2.17
[1m[92m   Compiling[0m bytes v1.12.1
[1m[92m   Compiling[0m futures-core v0.3.33
[1m[92m   Compiling[0m smallvec v1.15.2
[1m[92m   Compiling[0m litemap v0.8.2
[1m[92m   Compiling[0m writeable v0.6.3
[1m[92m   Compiling[0m ring v0.17.14
[1m[92m   Compiling[0m mio v1.2.2
[1m[92m   Compiling[0m socket2 v0.6.5
[1m[92m   Compiling[0m synstructure v0.13.2
[1m[92m   Compiling[0m once_cell v1.21.4
[1m[92m   Compiling[0m futures-sink v0.3.33
[1m[92m   Compiling[0m icu_normalizer_data v2.2.0
[1m[92m   Compiling[0m utf8_iter v1.0.4
[1m[92m   Compiling[0m icu_properties_data v2.2.0
[1m[92m   Compiling[0m tokio v1.53.1
[1m[92m   Compiling[0m zerofrom-derive v0.1.7
[1m[92m   Compiling[0m yoke-derive v0.8.2
[1m[92m   Compiling[0m zerofrom v0.1.8
[1m[92m   Compiling[0m zerovec-derive v0.11.3
[1m[92m   Compiling[0m yoke v0.8.3
[1m[92m   Compiling[0m displaydoc v0.2.6
[1m[92m   Compiling[0m zerovec v0.11.6
[1m[92m   Compiling[0m zerotrie v0.2.4
[1m[92m   Compiling[0m tinystr v0.8.3
[1m[92m   Compiling[0m potential_utf v0.1.5
[1m[92m   Compiling[0m icu_locale_core v2.2.0
[1m[92m   Compiling[0m icu_collections v2.2.0
[1m[92m   Compiling[0m http v1.4.2
[1m[92m   Compiling[0m icu_provider v2.2.0
[1m[92m   Compiling[0m version_check v0.9.5
[1m[92m   Compiling[0m zmij v1.0.23
[1m[92m   Compiling[0m percent-encoding v2.3.2
[1m[92m   Compiling[0m serde v1.0.229
[1m[92m   Compiling[0m zeroize v1.9.0
[1m[92m   Compiling[0m generic-array v0.14.7
[1m[92m   Compiling[0m rustls-pki-types v1.15.1
[1m[92m   Compiling[0m http-body v1.1.0
[1m[92m   Compiling[0m serde_derive v1.0.229
[1m[92m   Compiling[0m getrandom v0.2.17
[1m[92m   Compiling[0m futures-io v0.3.33
[1m[92m   Compiling[0m untrusted v0.9.0
[1m[92m   Compiling[0m bitflags v2.13.1
[1m[92m   Compiling[0m slab v0.4.12
[1m[92m   Compiling[0m futures-task v0.3.33
[1m[92m   Compiling[0m httparse v1.10.1
[1m[92m   Compiling[0m serde_json v1.0.151
[1m[92m   Compiling[0m futures-util v0.3.33
[1m[92m   Compiling[0m icu_properties v2.2.0
[1m[92m   Compiling[0m icu_normalizer v2.2.0
[1m[92m   Compiling[0m rustls v0.23.42
[1m[92m   Compiling[0m rustix v1.1.4
[1m[92m   Compiling[0m typenum v1.20.1
[1m[92m   Compiling[0m crc32fast v1.5.0
[1m[92m   Compiling[0m try-lock v0.2.5
[1m[92m   Compiling[0m utf8parse v0.2.2
[1m[92m   Compiling[0m tower-service v0.3.3
[1m[92m   Compiling[0m anstyle-parse v1.0.0
[1m[92m   Compiling[0m want v0.3.1
[1m[92m   Compiling[0m idna_adapter v1.2.2
[1m[92m   Compiling[0m form_urlencoded v1.2.2
[1m[92m   Compiling[0m futures-channel v0.3.33
[1m[92m   Compiling[0m tracing-core v0.1.36
[1m[92m   Compiling[0m unicase v2.9.0
[1m[92m   Compiling[0m ref-cast v1.0.26
[1m[92m   Compiling[0m is_terminal_polyfill v1.70.2
[1m[92m   Compiling[0m anstyle v1.0.14
[1m[92m   Compiling[0m getrandom v0.4.3
[1m[92m   Compiling[0m subtle v2.6.1
[1m[92m   Compiling[0m anstyle-query v1.1.5
[1m[92m   Compiling[0m simd-adler32 v0.3.10
[1m[92m   Compiling[0m log v0.4.33
[1m[92m   Compiling[0m linux-raw-sys v0.12.1
[1m[92m   Compiling[0m colorchoice v1.0.5
[1m[92m   Compiling[0m atomic-waker v1.1.2
[1m[92m   Compiling[0m hyper v1.11.0
[1m[92m   Compiling[0m anstream v1.0.0
[1m[92m   Compiling[0m tracing v0.1.44
[1m[92m   Compiling[0m mime_guess v2.0.5
[1m[92m   Compiling[0m idna v1.1.0
[1m[92m   Compiling[0m ref-cast-impl v1.0.26
[1m[92m   Compiling[0m serde_derive_internals v0.29.1
[1m[92m   Compiling[0m sync_wrapper v1.0.2
[1m[92m   Compiling[0m base64 v0.22.1
[1m[92m   Compiling[0m thiserror v2.0.19
[1m[92m   Compiling[0m winnow v1.0.4
[1m[92m   Compiling[0m ipnet v2.12.0
[1m[92m   Compiling[0m strsim v0.11.1
[1m[92m   Compiling[0m tower-layer v0.3.3
[1m[92m   Compiling[0m clap_lex v1.1.0
[1m[92m   Compiling[0m heck v0.5.0
[1m[92m   Compiling[0m adler2 v2.0.1
[1m[92m   Compiling[0m miniz_oxide v0.8.9
[1m[92m   Compiling[0m clap_builder v4.6.2
[1m[92m   Compiling[0m clap_derive v4.6.4
[1m[92m   Compiling[0m tower v0.5.3
[1m[92m   Compiling[0m hyper-util v0.1.20
[1m[92m   Compiling[0m rustls-webpki v0.103.13
[1m[92m   Compiling[0m schemars_derive v1.2.1
[1m[92m   Compiling[0m toml_parser v1.1.2+spec-1.1.0
[1m[92m   Compiling[0m url v2.5.8
[1m[92m   Compiling[0m block-buffer v0.10.4
[1m[92m   Compiling[0m crypto-common v0.1.7
[1m[92m   Compiling[0m webpki-roots v1.0.9
[1m[92m   Compiling[0m thiserror-impl v2.0.19
[1m[92m   Compiling[0m toml_datetime v1.1.1+spec-1.1.0
[1m[92m   Compiling[0m serde_spanned v1.1.1
[1m[92m   Compiling[0m flags2env v0.1.0 (https://github.com/ORESoftware/flags-2-env.git?rev=2f62e40932a0fcb8b9bf1b4c84473e34fa3c51c7#2f62e409)
[1m[92m   Compiling[0m aho-corasick v1.1.4
[1m[92m   Compiling[0m hashbrown v0.17.1
[1m[92m   Compiling[0m regex-syntax v0.8.11
[1m[92m   Compiling[0m bumpalo v3.20.3
[1m[92m   Compiling[0m zlib-rs v0.6.6
[1m[92m   Compiling[0m tokio-rustls v0.26.4
[1m[92m   Compiling[0m mime v0.3.17
[1m[92m   Compiling[0m equivalent v1.0.2
[1m[92m   Compiling[0m dyn-clone v1.0.20
[1m[92m   Compiling[0m toml_writer v1.1.2+spec-1.1.0
[1m[92m   Compiling[0m option-ext v0.2.0
[1m[92m   Compiling[0m anyhow v1.0.104
[1m[92m   Compiling[0m ryu v1.0.23
[1m[92m   Compiling[0m serde_urlencoded v0.7.1
[1m[92m   Compiling[0m toml v1.1.3+spec-1.1.0
[1m[92m   Compiling[0m dirs-sys v0.4.1
[1m[92m   Compiling[0m schemars v1.2.1
[1m[92m   Compiling[0m indexmap v2.14.0
[1m[92m   Compiling[0m hyper-rustls v0.27.9
[1m[92m   Compiling[0m regex-automata v0.4.16
[1m[92m   Compiling[0m zopfli v0.8.3
[1m[92m   Compiling[0m flate2 v1.1.9
[1m[92m   Compiling[0m digest v0.10.7
[1m[92m   Compiling[0m tower-http v0.6.11
[1m[92m   Compiling[0m clap v4.6.4
[1m[92m   Compiling[0m xattr v1.6.1
[1m[92m   Compiling[0m http-body-util v0.1.4
[1m[92m   Compiling[0m semver v1.0.28
[1m[92m   Compiling[0m filetime v0.2.29
[1m[92m   Compiling[0m rtoolbox v0.0.5
[1m[92m   Compiling[0m bstr v1.13.0
[1m[92m   Compiling[0m libloading v0.8.9
[1m[92m   Compiling[0m same-file v1.0.6
[1m[92m   Compiling[0m typed-path v0.12.3
[1m[92m   Compiling[0m fastrand v2.5.0
[1m[92m   Compiling[0m cpufeatures v0.2.17
[1m[92m   Compiling[0m sha2 v0.10.9
[1m[92m   Compiling[0m globset v0.4.19
[1m[92m   Compiling[0m tempfile v3.27.0
[1m[92m   Compiling[0m zip v8.6.0
[1m[92m   Compiling[0m walkdir v2.5.0
[1m[92m   Compiling[0m rpassword v7.5.4
[1m[92m   Compiling[0m zed-interfaces v0.1.0 (/home/runner/work/zed-cli/zed-cli/zed-interfaces)
[1m[92m   Compiling[0m tar v0.4.46
[1m[92m   Compiling[0m reqwest v0.12.28
[1m[92m   Compiling[0m clap_complete v4.6.8
[1m[92m   Compiling[0m dirs v5.0.1
[1m[92m   Compiling[0m uuid v1.24.0
[1m[92m   Compiling[0m fs2 v0.4.3
[1m[92m   Compiling[0m hex v0.4.3
[1m[92m   Compiling[0m zed-cli v0.1.0 (/home/runner/work/zed-cli/zed-cli/zed-cli)
[1m[92m    Finished[0m `test` profile [unoptimized + debuginfo] target(s) in 47.41s
[1m[92m     Running[0m unittests src/lib.rs (target/debug/deps/zed_cli-9a390742fe54aa5e)

running 126 tests
test auth::tests::shared_auth_bearer_wins_and_supabase_is_fallback ... ok
test auth::tests::base_urls_require_https_except_for_loopback ... ok
test auth::tests::supabase_confirmation_response_has_no_session ... ok
test cli::tests::completion_shells_are_typed_positionals ... ok
test auth::tests::auth_directory_and_session_file_have_private_modes ... ok
test auth::tests::store_roundtrip_is_scoped_by_auth_authority ... ok
test cli::tests::flags_2_env_convention_holds ... ok
test cli::tests::cli_flags_toml_is_in_sync_with_clap ... ok
test cli::tests::install_accepts_specs_and_both_manifestless_bypass_spellings ... ok
test cli::tests::readme_documents_every_command ... ok
test config::tests::credentials_file_is_0600_even_over_a_lax_existing_file ... ok
test config::tests::credentials_load_rejects_malformed_toml ... ok
test config::tests::credentials_load_without_file_is_empty_not_an_error ... ok
test config::tests::credentials_roundtrip_normalizes_registry_slashes ... ok
test config::tests::manifest_override_is_scoped_and_never_written_to_disk ... ok
test cli::tests::flat_and_nested_auth_spellings_dispatch_identically ... ok
test config::tests::relative_home_is_resolved_from_the_invocation_directory ... ok
test config::tests::resolve_token_prefers_explicit_over_saved_credentials ... ok
test config::tests::resolve_token_survives_a_corrupt_credentials_file ... ok
test completion::tests::bash_completion_contains_commands_aliases_and_manifestless_flags ... ok
test config::tests::nested_manifest_overrides_fail_closed ... ok
test dev::tests::an_existing_conventional_venv_is_reused ... ok
test dev::tests::augmented_root_help_contains_the_command_and_alias ... ok
test dev::tests::dot_nix_flake_takes_precedence_and_is_found_above_a_nested_project ... ok
test dev::tests::every_develop_flag_has_a_flags2env_environment_fallback ... ok
test dev::tests::develop_contract_and_typed_parser_expose_the_same_environment_keys ... ok
test dev::tests::ai_profile_bin_is_present_in_the_managed_path ... ok
test dev::tests::managed_environment_keeps_language_state_under_dot_zed ... ok
test dev::tests::nested_invocations_select_the_owning_manifest ... ok
test dev::tests::flags2env_contract_audits_and_maps_the_short_command_flag ... ok
test dev::tests::one_clear_nested_native_project_is_selected_but_ambiguous_roots_are_not ... ok
test dev::tests::isolated_home_redirects_home_and_xdg_configuration ... ok
test dev::tests::parser_accepts_develop_and_dev_with_the_same_arguments ... ok
test dev::tests::routes_canonical_alias_and_help_spellings ... ok
test flags::tests::boolean_environment_values_are_canonicalized_and_invalid_values_fail ... ok
test flags::tests::diagnostics_redact_inline_values ... ok
test completion::tests::zsh_completion_contains_registration_commands_and_manifestless_flags ... ok
test flags::tests::explicit_cli_boolean_shadows_even_an_invalid_environment_value ... ok
test flags::tests::embedded_contract_audits_and_maps_both_manifestless_spellings ... ok
test flags::tests::help_and_version_tokens_are_left_for_clap ... ok
test flags::tests::precedence_is_explicit_cli_then_environment_then_default ... ok
test flags::tests::embedded_contract_reports_unknown_options_but_allows_run_passthrough ... ok
test interactive::tests::disabled_mode_never_reads_and_yes_is_explicit ... ok
test interactive::tests::redirected_input_and_eof_fail_closed ... ok
test flags::tests::install_scope_declares_the_manifestless_boolean_environment ... ok
test manifestless::tests::ambiguous_monorepo_keeps_the_requested_root ... ok
test manifestless::tests::dependency_specs_are_parsed_without_registry_access ... ok
test manifestless::tests::eof_and_redirected_input_fail_closed_but_explicit_bypass_does_not_read ... ok
test manifestless::tests::explicit_yes_is_required_and_the_complete_plan_is_printed ... ok
test manifestless::tests::common_source_structure_can_select_a_nested_project ... ok
test manifestless::tests::native_manifest_ancestor_beats_a_nearer_structure_marker ... ok
test manifestless::tests::nearest_native_ancestor_wins_from_a_source_subdirectory ... ok
test flags::tests::scoped_aliases_override_the_same_global_alias ... ok
test manifestless::tests::no_specs_require_an_explicit_frozen_lock_and_frozen_rejects_specs ... ok
test manifestless::tests::synthetic_manifest_never_touches_disk ... ok
test manifestless::tests::one_nested_native_project_is_selected ... ok
test ops::every_manifest_adapter_name_maps_to_an_adapter ... ok
test ops::tests::a_bare_name_with_no_detectable_project_language_has_nothing_to_route_to ... ok
test manifestless::tests::one_nested_manifest_absorbs_its_structure_descendants ... ok
test ops::tests::a_bare_repo_name_routes_to_the_project_language ... ok
test ops::tests::a_matching_ecosystem_installs_without_complaint ... ok
test ops::tests::a_misspelled_language_suffix_routes_to_its_synonyms ... ok
test ops::tests::a_package_not_following_the_suffix_convention_still_errors_without_suggestions ... ok
test flags::tests::explicit_aliases_map_to_the_manifestless_environment_key ... ok
test ops::tests::a_polyglot_project_accepts_a_package_for_any_of_its_ecosystems ... ok
test ops::tests::a_wrong_language_package_is_refused_and_names_the_right_one ... ok
test ops::tests::an_untagged_package_is_never_gated ... ok
test ops::tests::a_project_with_no_recognizable_ecosystem_is_not_gated ... ok
test ops::tests::go_workspace_paths_are_relative_to_the_generated_file ... ok
test ops::tests::go_workspace_uses_the_highest_module_go_directive ... ok
test ops::tests::jvm_projects_are_offered_both_jvm_language_variants ... ok
test ops::tests::detect_adapter_recognizes_each_supported_toolchain ... ok
test ops::tests::parse_age_rejects_garbage ... ok
test ops::tests::lock_only_frozen_restore_skips_only_the_missing_manifest_comparison ... ok
test manifestless::tests::unrelated_structure_sibling_keeps_nested_selection_ambiguous ... ok
test ops::tests::malformed_go_directives_do_not_lower_the_safe_default ... ok
test ops::tests::parse_age_saturates_instead_of_overflowing ... ok
test ops::tests::parse_age_units_and_default ... ok
test ops::tests::routing_never_crosses_between_languages ... ok
test ops::tests::project_ecosystems_reads_the_real_directory ... ok
test ops::tests::routing_never_suggests_the_name_that_was_asked_for ... ok
test ops::tests::rust_cargo_config_introduces_an_unpublished_crate_by_package_name ... ok
test ops::tests::split_key_accepts_org_name_and_keeps_nested_slashes_in_name ... ok
test ops::tests::rust_cargo_config_rejects_two_paths_for_one_crate_name ... ok
test ops::tests::split_key_rejects_missing_or_empty_halves ... ok
test preflight::tests::adapter_commands_are_fixed_and_deterministic ... ok
test preflight::tests::a_failed_adapter_stops_the_release_preflight ... ok
test preflight::tests::every_declared_adapter_runs_once ... ok
test preflight::tests::extended_registry_adapters_are_fixed_and_credential_free ... ok
test preflight::tests::rubygems_preflight_uses_the_manifest_filename_not_the_package_name ... ok
test r2g::tests::configured_file_registry_rejects_symbolic_links ... ok
test r2g::tests::configured_registry_cannot_contain_the_r2g_destination ... ok
test r2g::tests::container_args_default_checks_artifact_presence ... ok
test r2g::tests::configured_file_registry_is_snapshotted_without_mutating_source ... ok
test r2g::tests::container_args_honor_a_relocated_install_dir ... ok
test r2g::tests::container_args_mount_workdir_and_target ... ok
test r2g::tests::non_file_registry_does_not_create_a_snapshot ... ok
test registry::tests::canonical_artifact_url_respects_registry_override ... ok
test registry::tests::presigned_external_artifact_url_is_preserved ... ok
test release::tests::maven_rubygems_nuget_packagist_and_go_manifests_are_validated ... ok
test release::tests::native_manifests_match_declared_routes_and_release_version ... ok
test release::tests::polyglot_plan_is_deterministic_and_includes_native_routes ... ok
test release::tests::native_manifest_mismatches_fail_before_planning ... ok
test release::tests::pubspec_mismatches_fail_before_planning ... ok
test release::tests::single_language_plan_keeps_the_root_package ... ok
test store::tests::gc_drops_refs_for_projects_that_no_longer_exist ... ok
test store::tests::gc_prunes_by_stamp_age_but_spares_referenced_and_fresh_entries ... ok
test release::tests::pyproject_mismatches_fail_before_planning ... ok
test store::tests::human_size_formats_binary_units ... ok
test store::tests::gc_survives_hostile_max_age ... ok
test transaction::tests::commit_keeps_new_value_and_cleans_staging ... ok
test transaction::tests::interrupted_uuid_transaction_is_recovered_on_next_begin ... ok
test update::tests::asset_target_is_platform_shaped ... ok
test transaction::tests::rollback_restores_replaced_and_removes_new_paths ... ok
test update::tests::extract_binary_finds_zed_exe_inside_a_zip ... ok
test update::tests::extract_binary_finds_zed_inside_a_tar_gz ... ok
test update::tests::replace_exe_swaps_contents_atomically_and_keeps_exec_bit ... ok
test update::tests::semver_comparison_strips_v ... ok
test update::tests::extract_binary_rejects_an_archive_without_the_binary ... ok
test update::tests::sha256sums_handles_binary_mode_and_uppercase ... ok
test update::tests::sha256sums_matches_asset_line ... ok
test update::tests::sha256sums_mismatch_is_detectable ... ok
test update::tests::sha256sums_rejects_missing_or_malformed ... ok
test update::tests::tag_parsing_from_redirect_url ... ok
test pack::tests::polyglot_pack_re_roots_and_isolates_every_target ... ok
test pack::tests::polyglot_pack_can_include_a_whole_repository_target ... ok

test result: ok. 126 passed; 0 failed; 0 ignored; 0 measured; 0 filtered out; finished in 0.09s

[1m[92m     Running[0m unittests src/main.rs (target/debug/deps/zed-3204fd000c90638e)

running 0 tests

test result: ok. 0 passed; 0 failed; 0 ignored; 0 measured; 0 filtered out; finished in 0.00s

[1m[92m     Running[0m tests/develop_alias_contract.rs (target/debug/deps/develop_alias_contract-3638b0bca6b0e489)

running 2 tests
test flags2env_resolves_dev_to_the_canonical_develop_path ... ok
test zed_dev_and_zed_develop_print_the_same_managed_environment ... ok

test result: ok. 2 passed; 0 failed; 0 ignored; 0 measured; 0 filtered out; finished in 0.01s

[1m[92m     Running[0m tests/develop_contract_regressions.rs (target/debug/deps/develop_contract_regressions-ccfc6a315a941385)

running 5 tests
test project_discovery_ignores_vcs_metadata_directories ... ok
test isolated_home_does_not_copy_existing_provider_credentials ... ok
test ai_profile_path_remains_explicitly_opt_in ... ok
test truthy_flags2env_spellings_drive_the_develop_command ... ok
test root_version_and_legacy_help_remain_separate_from_develop_flags ... ok

test result: ok. 5 passed; 0 failed; 0 ignored; 0 measured; 0 filtered out; finished in 0.04s

[1m[92m     Running[0m tests/develop_edge_cases.rs (target/debug/deps/develop_edge_cases-5d14b444b8519bcb)

running 20 tests
test accepted_boolean_environment_spellings_drive_the_command ... ok
test ai_profile_path_is_opt_in_and_precedes_generic_development_bins ... ok
test cargo_adapter_configuration_is_copied_into_the_development_home ... ok
test custom_python_interpreters_can_create_relative_managed_venvs ... ok
test frozen_mode_without_a_zed_manifest_or_lockfile_fails_closed ... ok
test global_options_before_the_alias_still_route_to_develop ... ok
test invalid_boolean_environment_values_fail_closed ... ok
test interactive_mode_requires_a_real_terminal ... ok
test isolated_home_is_empty_and_project_local_instead_of_copying_credentials ... ok
test language_adapter_files_are_reflected_in_the_managed_environment ... ok
test malformed_existing_virtual_environments_fail_before_shell_startup ... ok
test command_mode_propagates_the_shell_exit_code ... ok
test missing_shell_errors_name_the_selected_executable ... ok
test print_env_and_command_are_rejected_as_conflicting_modes ... ok
test project_discovery_ignores_generated_vcs_and_too_deep_directories ... ok
test print_env_does_not_load_dotenv_files_or_dump_inherited_secrets ... ok
test required_python_mode_fails_for_an_explicit_missing_interpreter ... ok
test unknown_inline_option_values_are_not_echoed_back ... ok
test unique_nested_projects_are_selected_but_ambiguous_roots_are_not_guessed ... ok
test shell_name_controls_the_command_argument_protocol ... ok

test result: ok. 20 passed; 0 failed; 0 ignored; 0 measured; 0 filtered out; finished in 0.08s

[1m[92m     Running[0m tests/develop_help_contract.rs (target/debug/deps/develop_help_contract-a2e6e29255f5d9ea)

running 7 tests
test global_options_before_develop_help_still_select_the_develop_parser ... ok
test develop_help_is_side_effect_free ... ok
test root_help_advertises_the_canonical_command_and_alias ... ok
test invalid_develop_enum_values_fail_before_environment_setup ... ok
test legacy_command_help_is_not_polluted_by_develop_only_flags ... ok
test every_help_spelling_exposes_the_same_develop_boundary ... ok
test root_version_and_legacy_help_continue_through_the_existing_cli ... ok

test result: ok. 7 passed; 0 failed; 0 ignored; 0 measured; 0 filtered out; finished in 0.04s

[1m[92m     Running[0m tests/develop_shell_edge_cases.rs (target/debug/deps/develop_shell_edge_cases-bd26a33bf991d95e)

running 10 tests
test flags2env_unknown_inline_values_are_redacted ... ok
test nix_auto_falls_back_but_required_without_a_flake_fails ... ok
test invalid_enums_conflicts_and_boolean_environment_fail_closed ... ok
test nix_reentry_uses_nearest_flake_forwards_options_and_keeps_token_off_argv ... ok
test child_exit_missing_shell_no_tty_and_dotenv_boundaries_fail_safely ... ok
test print_env_proves_path_order_adapters_directories_and_isolated_home ... ok
test project_root_discovery_honors_nearest_exclusions_depth_and_ambiguity ... ok
test shell_dispatch_covers_posix_fish_powershell_cmd_and_generic_shells ... ok
test help_global_options_and_legacy_commands_route_without_regression ... ok
test python_venv_modes_cover_relative_absolute_skip_and_invalid_paths ... ok

test result: ok. 10 passed; 0 failed; 0 ignored; 0 measured; 0 filtered out; finished in 0.09s

[1m[92m     Running[0m tests/e2e.rs (target/debug/deps/e2e-49b1a14986e18e2d)

running 36 tests
test a_relocated_install_dir_is_never_published ... ok
test a_node_project_resolves_a_nodejs_target_despite_the_spelling_difference ... ok
test adapter_auto_is_context_aware_node_and_java ... ok
hello-from-toolkit
test bins_are_hoisted_and_runnable ... ok
test build_overrides_replace_broken_commands ... ok
test build_hooks_stage_build_and_cache ... ok
test build_step_compiles_and_is_cached ... ok
test a_wrong_language_package_is_refused_in_a_real_project ... ok
test calver_versions_resolve_by_semver_range ... ok
test calendar_versions_resolve ... ok
test circular_deps_terminate_and_install_both ... ok
test consumer_can_override_dependency_build ... ok
test copy_mode_is_container_safe ... ok
test gc_reclaims_entries_older_than_threshold ... ok
test gc_collects_unreferenced_entries ... ok
test hoisted_bins_are_container_safe_in_copy_mode ... ok
test install_dir_is_honored_by_install_run_and_remove ... ok
test each_published_language_package_declares_its_ecosystem ... ok
test malicious_registry_responses_are_rejected ... ok
test node_adapter_links_into_node_modules ... ok
test language_conventions_are_stripped ... ok
test opaque_versions_require_exact_match ... ok
test pack_is_pruned_and_deterministic ... ok
test one_repo_publishes_one_isolated_package_per_language ... ok
test resolver_picks_max_satisfying_stable ... ok
test publish_install_roundtrip_with_transitive_deps ... ok
test r2g_runs_smoke_test_like_a_consumer ... ok
test traversal_artifacts_are_refused ... ok
test store_prune_removes_unreferenced_entries ... ok
test workspace_installs_members_against_one_lock ... ok
test workspace_members_link_from_source ... ok
test version_conflicts_fail_loudly ... ok
test the_matching_language_package_installs_and_wires_its_toolchain ... ok
test zip_artifacts_pack_deterministically_and_install ... ok
test yanked_versions_skip_ranges_but_allow_pins ... ok
test concurrent_installs_share_the_store_safely ... ok

test result: ok. 36 passed; 0 failed; 0 ignored; 0 measured; 0 filtered out; finished in 0.33s

[1m[92m    Checking[0m cfg-if v1.0.4
[1m[92m    Checking[0m libc v0.2.189
[1m[92m    Checking[0m stable_deref_trait v1.2.1
[1m[92m    Checking[0m zerofrom v0.1.8
[1m[92m    Checking[0m memchr v2.8.3
[1m[92m    Checking[0m itoa v1.0.18
[1m[92m    Checking[0m yoke v0.8.3
[1m[92m    Checking[0m serde_core v1.0.229
[1m[92m    Checking[0m zerovec v0.11.6
[1m[92m    Checking[0m pin-project-lite v0.2.17
[1m[92m    Checking[0m bytes v1.12.1
[1m[92m    Checking[0m futures-core v0.3.33
[1m[92m    Checking[0m tinystr v0.8.3
[1m[92m    Checking[0m smallvec v1.15.2
[1m[92m    Checking[0m writeable v0.6.3
[1m[92m    Checking[0m litemap v0.8.2
[1m[92m    Checking[0m socket2 v0.6.5
[1m[92m    Checking[0m mio v1.2.2
[1m[92m    Checking[0m icu_locale_core v2.2.0
[1m[92m    Checking[0m potential_utf v0.1.5
[1m[92m    Checking[0m zerotrie v0.2.4
[1m[92m    Checking[0m once_cell v1.21.4
[1m[92m    Checking[0m futures-sink v0.3.33
[1m[92m    Checking[0m utf8_iter v1.0.4
[1m[92m    Checking[0m tokio v1.53.1
[1m[92m    Checking[0m icu_collections v2.2.0
[1m[92m    Checking[0m icu_provider v2.2.0
[1m[92m    Checking[0m http v1.4.2
[1m[92m    Checking[0m zeroize v1.9.0
[1m[92m    Checking[0m percent-encoding v2.3.2
[1m[92m    Checking[0m rustls-pki-types v1.15.1
[1m[92m    Checking[0m icu_properties_data v2.2.0
[1m[92m    Checking[0m icu_normalizer_data v2.2.0
[1m[92m    Checking[0m getrandom v0.2.17
[1m[92m    Checking[0m slab v0.4.12
[1m[92m    Checking[0m futures-task v0.3.33
[1m[92m    Checking[0m http-body v1.1.0
[1m[92m    Checking[0m futures-io v0.3.33
[1m[92m    Checking[0m bitflags v2.13.1
[1m[92m    Checking[0m untrusted v0.9.0
[1m[92m    Checking[0m futures-util v0.3.33
[1m[92m    Checking[0m ring v0.17.14
[1m[92m    Checking[0m serde v1.0.229
[1m[92m    Checking[0m icu_normalizer v2.2.0
[1m[92m    Checking[0m icu_properties v2.2.0
[1m[92m    Checking[0m zmij v1.0.23
[1m[92m    Checking[0m utf8parse v0.2.2
[1m[92m    Checking[0m try-lock v0.2.5
[1m[92m    Checking[0m typenum v1.20.1
[1m[92m    Checking[0m tower-service v0.3.3
[1m[92m    Checking[0m idna_adapter v1.2.2
[1m[92m    Checking[0m want v0.3.1
[1m[92m    Checking[0m anstyle-parse v1.0.0
[1m[92m    Checking[0m serde_json v1.0.151
[1m[92m    Checking[0m rustls-webpki v0.103.13
[1m[92m    Checking[0m generic-array v0.14.7
[1m[92m    Checking[0m httparse v1.10.1
[1m[92m    Checking[0m form_urlencoded v1.2.2
[1m[92m    Checking[0m futures-channel v0.3.33
[1m[92m    Checking[0m tracing-core v0.1.36
[1m[92m    Checking[0m simd-adler32 v0.3.10
[1m[92m    Checking[0m log v0.4.33
[1m[92m    Checking[0m atomic-waker v1.1.2
[1m[92m    Checking[0m anstyle v1.0.14
[1m[92m    Checking[0m linux-raw-sys v0.12.1
[1m[92m    Checking[0m colorchoice v1.0.5
[1m[92m    Checking[0m is_terminal_polyfill v1.70.2
[1m[92m    Checking[0m anstyle-query v1.1.5
[1m[92m    Checking[0m subtle v2.6.1
[1m[92m   Compiling[0m unicase v2.9.0
[1m[92m    Checking[0m anstream v1.0.0
[1m[92m    Checking[0m rustls v0.23.42
[1m[92m   Compiling[0m mime_guess v2.0.5
[1m[92m    Checking[0m tracing v0.1.44
[1m[92m    Checking[0m rustix v1.1.4
[1m[92m    Checking[0m hyper v1.11.0
[1m[92m    Checking[0m idna v1.1.0
[1m[92m    Checking[0m crc32fast v1.5.0
[1m[92m    Checking[0m sync_wrapper v1.0.2
[1m[92m    Checking[0m tower-layer v0.3.3
[1m[92m    Checking[0m strsim v0.11.1
[1m[92m    Checking[0m clap_lex v1.1.0
[1m[92m    Checking[0m winnow v1.0.4
[1m[92m    Checking[0m base64 v0.22.1
[1m[92m    Checking[0m ipnet v2.12.0
[1m[92m    Checking[0m adler2 v2.0.1
[1m[92m    Checking[0m miniz_oxide v0.8.9
[1m[92m    Checking[0m hyper-util v0.1.20
[1m[92m    Checking[0m toml_parser v1.1.2+spec-1.1.0
[1m[92m    Checking[0m clap_builder v4.6.2
[1m[92m    Checking[0m tower v0.5.3
[1m[92m    Checking[0m ref-cast v1.0.26
[1m[92m    Checking[0m url v2.5.8
[1m[92m    Checking[0m getrandom v0.4.3
[1m[92m    Checking[0m crypto-common v0.1.7
[1m[92m    Checking[0m block-buffer v0.10.4
[1m[92m    Checking[0m webpki-roots v1.0.9
[1m[92m    Checking[0m tokio-rustls v0.26.4
[1m[92m    Checking[0m serde_spanned v1.1.1
[1m[92m    Checking[0m toml_datetime v1.1.1+spec-1.1.0
[1m[92m    Checking[0m aho-corasick v1.1.4
[1m[92m    Checking[0m toml_writer v1.1.2+spec-1.1.0
[1m[92m    Checking[0m mime v0.3.17
[1m[92m    Checking[0m bumpalo v3.20.3
[1m[92m    Checking[0m option-ext v0.2.0
[1m[92m    Checking[0m hashbrown v0.17.1
[1m[92m    Checking[0m zlib-rs v0.6.6
[1m[92m    Checking[0m equivalent v1.0.2
[1m[92m    Checking[0m dyn-clone v1.0.20
[1m[92m    Checking[0m regex-syntax v0.8.11
[1m[92m    Checking[0m ryu v1.0.23
[1m[92m    Checking[0m serde_urlencoded v0.7.1
[1m[92m    Checking[0m indexmap v2.14.0
[1m[92m    Checking[0m schemars v1.2.1
[1m[92m    Checking[0m regex-automata v0.4.16
[1m[92m    Checking[0m clap v4.6.4
[1m[92m    Checking[0m flate2 v1.1.9
[1m[92m    Checking[0m zopfli v0.8.3
[1m[92m    Checking[0m dirs-sys v0.4.1
[1m[92m    Checking[0m toml v1.1.3+spec-1.1.0
[1m[92m    Checking[0m thiserror v2.0.19
[1m[92m    Checking[0m hyper-rustls v0.27.9
[1m[92m    Checking[0m tower-http v0.6.11
[1m[92m    Checking[0m digest v0.10.7
[1m[92m    Checking[0m xattr v1.6.1
[1m[92m    Checking[0m http-body-util v0.1.4
[1m[92m    Checking[0m semver v1.0.28
[1m[92m    Checking[0m rtoolbox v0.0.5
[1m[92m    Checking[0m filetime v0.2.29
[1m[92m    Checking[0m bstr v1.13.0
[1m[92m    Checking[0m libloading v0.8.9
[1m[92m    Checking[0m cpufeatures v0.2.17
[1m[92m    Checking[0m fastrand v2.5.0
[1m[92m    Checking[0m same-file v1.0.6
[1m[92m    Checking[0m typed-path v0.12.3
[1m[92m    Checking[0m tempfile v3.27.0
[1m[92m    Checking[0m walkdir v2.5.0
[1m[92m    Checking[0m flags2env v0.1.0 (https://github.com/ORESoftware/flags-2-env.git?rev=2f62e40932a0fcb8b9bf1b4c84473e34fa3c51c7#2f62e409)
[1m[92m    Checking[0m globset v0.4.19
[1m[92m    Checking[0m sha2 v0.10.9
[1m[92m    Checking[0m tar v0.4.46
[1m[92m    Checking[0m zed-interfaces v0.1.0 (/home/runner/work/zed-cli/zed-cli/zed-interfaces)
[1m[92m    Checking[0m rpassword v7.5.4
[1m[92m    Checking[0m reqwest v0.12.28
[1m[92m    Checking[0m dirs v5.0.1
[1m[92m    Checking[0m clap_complete v4.6.8
[1m[92m    Checking[0m zip v8.6.0
[1m[92m    Checking[0m anyhow v1.0.104
[1m[92m    Checking[0m uuid v1.24.0
[1m[92m    Checking[0m fs2 v0.4.3
[1m[92m    Checking[0m hex v0.4.3
[1m[92m    Checking[0m zed-cli v0.1.0 (/home/runner/work/zed-cli/zed-cli/zed-cli)
[1m[92m    Finished[0m `dev` profile [unoptimized + debuginfo] target(s) in 15.30s
